halpahalli
5
xxxxxxxxxxxxxxxxxxxxxxxxxxxxxxxxxxxxxxxxxxxxxxxxxxxxxxxxxxxxxxxxxxxxxxxxxxxxxxxxxxxxxxxxxxxx
xxxxxxxxxxxxxxxxxxxxxxxxxxxxxxxxxxxxxxxxxxxxxxxxxxxxxxxxxxxxxxxxxxxxxxxxxxxxxxxxxxxxxxxxxxxx
xx________________________________________________________________________________________xx
xx________________________________________________________________________________________xx
xx_______o___________________________________xx___________________________________________xx
xx___________________________________________xx___________________________________________xx
xx___________________________________________xx___________________________________________xx
xx___________________________________________xx___________________________________________xx
xx___________________________________________xx___________________________________________xx
xx___________________________________________xx___________________________________________xx
xx___________________________________________xx___________________________________________xx
xx___________________________________________xx___________________________________________xx
xx___________________________________________xx___________________________________________xx
xx___________________________________________xx___________________________________________xx
xx___________________________________________xx___________________________________________xx
xx___________________________________________xx___________________________________________xx
xx___________________________________________xx___________________________________________xx
xx___________________________________________xx___________________________________________xx
xx___________________________________________xx___________________________________________xx
xx___________________________________________xx___________________________________________xx
xx___________________________________________xx___________________________________________xx
xx___________________________________________xx___________________________________________xx
xx___________________________________________xx___________________________________________xx
xx___________________________________________xx___________________________________________xx
xx________________________________________________________________________________________xx
xx________________________________________________________________________________________xx
xxxxxxxxxxxxxxxxxxxxxxxxxxxxxxxxxxxxxxxxxxxxxxxxxxxxxxxxxxxxxxxxxxxxxxxxxxxxxxxxxxxxxxxxxxxx
xxxxxxxxxxxxxxxxxxxxxxxxxxxxxxxxxxxxxxxxxxxxxxxxxxxxxxxxxxxxxxxxxxxxxxxxxxxxxxxxxxxxxxxxxxxx