halpahalli
5
xxxxxxxxxxxxxxxxxxxxxxxxxxxxxxxxxxxxxxxxxxxxxxxxxxxxxxxxxxxxxxxxxxxxxxxxxxxxxxxxxxxxxxxxxxxx
xxxxxxxxxxxxxxxxxxxxxxxxxxxxxxxxxxxxxxxxxxxxxxxxxxxxxxxxxxxxxxxxxxxxxxxxxxxxxxxxxxxxxxxxxxxx
xx________________________________________________________________________________________xx
xx________________________________________________________________________________________xx
xx________________________________________________________________________________________xx
xx________________________________________________________________________________________xx
xx________________________________________________________________________________________xx
xx________________________________________________________________________________________xx
xx________________________________________________________________________________________xx
xx________________________________________________________________________________________xx
xx________________________________________________________________________________________xx
xx________________________________________________________________________________________xx
xx_________________________o______________________________________________________________xx
xx________________________________________________________________________________________xx
xx________________________________________________________________________________________xx
xx________________________________________________________________________________________xx
xx________________________________________________________________________________________xx
xx________________________________________________________________________________________xx
xx________________________________________________________________________________________xx
xx________________________________________________________________________________________xx
xx________________________________________________________________________________________xx
xx________________________________________________________________________________________xx
xx________________________________________________________________________________________xx
xx________________________________________________________________________________________xx
xx________________________________________________________________________________________xx
xx________________________________________________________________________________________xx
xxxxxxxxxxxxxxxxxxxxxxxxxxxxxxxxxxxxxxxxxxxxxxxxxxxxxxxxxxxxxxxxxxxxxxxxxxxxxxxxxxxxxxxxxxxx
xxxxxxxxxxxxxxxxxxxxxxxxxxxxxxxxxxxxxxxxxxxxxxxxxxxxxxxxxxxxxxxxxxxxxxxxxxxxxxxxxxxxxxxxxxxx