Nightmare Ikea
10
xxxxxxxxxxxxxxxxxxxxxxxxxxxxxxxxxxxxxxxxxxxxxxxxxxxxxxxxxxxxxxxxxxxxxxxxxxxxxxxxxxxxxxxxxxxx
xxxxxxxxxxxxxxxxxxxxxxxxxxxxxxxxxxxxxxxxxxxxxxxxxxxxxxxxxxxxxxxxxxxxxxxxxxxxxxxxxxxxxxxxxxxx
xx____________________________x________________________________________x__________________xx
xx____________________________x________________________________________x__________________xx
xx____o_______________________x________________________________________x_____________x____xx
xx__________xxxxxxxxxxxxx_____x______xxxxxxxxxxxxxxxxxxxxxxxxxxx_______x_____________x____xx
xx______________________x_____x_________________________x______________x_____________x____xx
xx______________________x_____x_________________________x_________xxxxxxxxxxx________x____xx
xx__________xxxxxx______x_____x_________________________x______________x_____________x____xx
xx_______________x______x_____xxxxxxxxxxxxxxxx__________x______________x_____________x____xx
xxxxxxxxx________x______x____________________x__________x______________x_____________x____xx
xx_______________x______x____________________x__________x______________x_____xxxxxxxxx____xx
xx_______________x______x________xxxx________x__________x______xxxxxxxxx_____x____________xx
xx_______________x______x____________________x_____x____x__________x_________x____________xx
xx________x______x______x____________________x_____x____x__________x_________x____________xx
xx________x______x______x____________________x_____x____x__________x_________x____________xx
xx________x______x______xxxxxxxxxxxxxx_____________x_________________________x____xxxx____xx
xx________x________________________________________x_________________________x____________xx
xx________x________________________________________x____________xxxxxxx______x____________xx
xxxxxxxxxxxxxxx_________xxxxxxxxxxxxxxxxxxxxxx_____x____________x____________x____________xx
xx___________________________________________x_____x____________x____________x____xxxx____xx
xx________________x__________________________x_____xxxxxxxx_____x____________x____________xx
xx_____xxxx_______x__________________________x__________________x______x_____x____________xx
xx________________xxxxxxxxxxxxxxxx___________x________x_________x______x__________________xx
xx____________________________________x_______________x_________x_________________________xx
xx____________________________________x_________________________x_________________________xx
xxxxxxxxxxxxxxxxxxxxxxxxxxxxxxxxxxxxxxxxxxxxxxxxxxxxxxxxxxxxxxxxxxxxxxxxxxxxxxxxxxxxxxxxxxxx
xxxxxxxxxxxxxxxxxxxxxxxxxxxxxxxxxxxxxxxxxxxxxxxxxxxxxxxxxxxxxxxxxxxxxxxxxxxxxxxxxxxxxxxxxxxx