SOLITA
100
xxxxxxxxxxxxxxxxxxxxxxxxxxxxxxxxxxxxxxxxxxxxxxxxxxxxxxxxxxxxxxxxxxxxxxxxxxxxxxxxxxxxxxxxxxxxxxxxxxxxxxxxxxxxxxxxxxxxxxxxxx
xx___________________________________________x__x__x_x___________________xxxxxxxxxxxxxxxxxxxxxxxxxx_______xx___________xxx
xx_____________________xxx____________________________x__x_xx_x_xx___________x__________________xxxx__________________xxx
xxx____________x_____xxx_xx____xxx________________________________xxxxxxxx____________________________________________xxxx
xxx_______xxxxxxx__xx_____xxxxx__xxxxxxxxxx___________________________________________________________________________xxxx
xxx_____xx______x_x______________________________________________________________________________xx____xxxxxxx________xx
xxx_____x_______xx____________________________________________________________________________xxxxxxxxx_______________xxx
xxx_____x_________________________________________________________________________________xxxx________________________xxx
xxx___________________________________________________________________________________________________________________xxxx
xx____________________________________________________________________________________________________________________xxx
xx_________________xxxx_xxxx____#####_#####___xx_________xx___###########________xxx__________________________________xxxx
xx_________________xxxx_xxxx____##_______##___xx_________xx___###########_____xxxxxxxxx_______________________________xxx
xx_________________xxxx_xxxx____##_______##___xx_________xx_______##_________xx___o___xx______________________________xxx
xxx________________xxxx_xxxx____##_______##___xx_________xx_______##________xx_________xx_____________________________xxxx
xxx________________xxxx_xxxx____##_______##___xx_________xx_______##________xx_________xx_____________________________xxxx
xx_________________xxxx_xxxx____##_______##___xx_________xx_______##________xx_________xx_____________________________xxxx
xx_________________xxxx_xxxx____##_______##___xx_________xx_______##________xx_________xx_____________________________xxxx
xx_________________xxxx_______________________xx_________xx_______##________xx_________xx______________________________xx
xx____________xxxx_xxxx_________##_______##___xx_________xx_______##________xxxxxx_xxxxxx______________________________xx
xx____________xxxx_xxxx_________##_______##___xx_________xx_______##________xxxxxx_xxxxxx______________________________xx
xx____________xxxx_xxxx_________##_______##___xx_________xx_______##________xx_________xx______________________________xx
xx____________xxxx_xxxx_________##_______##___xx_________xx_______##________xx_________xx______________________________xx
xx____________xxxx_xxxx_________##_______##___xx_________xx_______##________xx_________xx______________________________xx
xx____________xxxx_xxxx_________##_______##___xxxxxxxx___xx_______##________xx_________xx______________________________xxx
xx____________xxxx_xxxx_________####_######___xxxxxxxx___xx_______##________xx_________xx______________________________xx
xx_____________________________________________________________________________________________________________________xx
xx_____________________________________________________________________________________________________________________xx
xx______________________________________________________________________________________________xxxx_________x_________xx
xxx____________________________________________________________________________xxxxx__________xx____xxxxxxxxx__________xxx
xxxx__________________________________________________________________________xx___xxxxxx__xxx__________________________xx
xxxx_____________________________________________________________________________________xx_____________________________xx
_xxxxxxxxxxx_xxxx______________________________________________________________________________________________________xxx
______xxxxxxxxxxxxxxxxxxxxxxxxxxxxxxxxxxxxxxxxxxxxxxxxxxxxxxxxxxxxxxxxxxxxxxxxxxxxxxxxxxxxxxxxxxxxxxxxxxxxxxxxxxxxxxxxxxxx
_____________xxxxxxxxxxxxxxxxxxxxxxxxxxxxxxxxxxxxxxxxxxxxxxxxxxxxxxxxxxxxxxxxxxxxxxxxxxxxxxxxxxxxxxxxxxxxxxxxxxxxxxxxxxx
