citymarket
5
xxxxxxxxxxxxxxxxxxxxxxxxxxxxxxxxxxxxxxxxxxxxxxxxxxxxxxxxxxxxxxxxxxxxxxxxxxxxxxxxxxxxxxxxxxxx
xxxxxxxxxxxxxxxxxxxxxxxxxxxxxxxxxxxxxxxxxxxxxxxxxxxxxxxxxxxxxxxxxxxxxxxxxxxxxxxxxxxxxxxxxxxx
xx________________________________________________________________________________________xx
xx________________________________________________________________________________________xx
xx_______o_____________######################xx######################_____________________xx
xx___________________________________________xx___________________________________________xx
xx___________________________________________xx___________________________________________xx
xx___________________________________________xx___________________________________________xx
xx___________________________________________xx___________________________________________xx
xx___________________________________________xx___________________________________________xx
xx___________________________________________xx___________________________________________xx
xx___________________________________________xx___________________________________________xx
xx___________________________________________xx___________________________________________xx
xx_____________________######################xx######################_____________________xx
xx___________________________________________xx___________________________________________xx
xx___________________________________________xx___________________________________________xx
xx___________________________________________xx___________________________________________xx
xx___________________________________________xx___________________________________________xx
xx___________________________________________xx___________________________________________xx
xx___________________________________________xx___________________________________________xx
xx___________________________________________xx___________________________________________xx
xx___________________________________________xx___________________________________________xx
xx___________________________________________xx___________________________________________xx
xx_____________________######################xx######################_____________________xx
xx________________________________________________________________________________________xx
xx________________________________________________________________________________________xx
xxxxxxxxxxxxxxxxxxxxxxxxxxxxxxxxxxxxxxxxxxxxxxxxxxxxxxxxxxxxxxxxxxxxxxxxxxxxxxxxxxxxxxxxxxxx
xxxxxxxxxxxxxxxxxxxxxxxxxxxxxxxxxxxxxxxxxxxxxxxxxxxxxxxxxxxxxxxxxxxxxxxxxxxxxxxxxxxxxxxxxxxx