Kaarnan halpahalli
25
xxxxxxxxxxxxxxxxxxxxxxxxxxxxxxxxxxxxxxxxxxxxxxxxxxxxxxxxxxxxxxxxxxxxxxxxxxxxxxxxxxxxxxxxxxxx
xxxxxxxxxxxxxxxxxxxxxxxxxxxxxxxxxxxxxxxxxxxxxxxxxxxxxxxxxxxxxxxxxxxxxxxxxxxxxxxxxxxxxxxxxxxx
xx________________________________________________________________________________________xx
xx________________________________________________________________________________________xx
xx________________________________________________________________________________________xx
xx________________________________________________________________________________________xx
xx_________________________________________________xxxx________xxx________________________xx
xx_________________________________________________xxxx_______xxx_________________________xx
xx_________________________________________________xxxx______xxx__________________________xx
xx______________________xxxxxxxx___________________xxxx_____xxx___________________________xx
xx_____________________________x___________________xxxx____xxx____________________________xx
xx_______________________xxxx__x___________________xxxx___xxx_____________________________xx
xx_______________________x_o___x___________________xxxx__xxx______________________________xx
xx_______________________x_____x___________________xxxx_xxx_______________________________xx
xx_______________________xxxxxxx___________________xxxxxxxx_______________________________xx
xx_________________________________________________xxxxxxxxx______________________________xx
xx_________________________________________________xxxxx__xxx_____________________________xx
xx_________________________________________________xxxx____xxx____________________________xx
xx_________________________________________________xxxx_____xxx___________________________xx
xx_________________________________________________xxxx______xxx__________________________xx
xx_________________________________________________xxxx_______xxx_________________________xx
xx_________________________________________________xxxx________xxx________________________xx
xx________________________________________________________________________________________xx
xx________________________________________________________________________________________xx
xx________________________________________________________________________________________xx
xx________________________________________________________________________________________xx
xxxxxxxxxxxxxxxxxxxxxxxxxxxxxxxxxxxxxxxxxxxxxxxxxxxxxxxxxxxxxxxxxxxxxxxxxxxxxxxxxxxxxxxxxxxx
xxxxxxxxxxxxxxxxxxxxxxxxxxxxxxxxxxxxxxxxxxxxxxxxxxxxxxxxxxxxxxxxxxxxxxxxxxxxxxxxxxxxxxxxxxxx
